[homunculus.jp/index.html]
[backblue.gif]
[fade.gif]
[index.html]
[homunculus.jp/favicon.ico]
[homunculus.jp/manage/wp-content/themes/homunculus/assets/css/yakuhanjp-noto.min.css]
[use.typekit.net/rjz2hfg.css]
[homunculus.jp/manage/wp-content/themes/homunculus/assets/js/lib/lib.js]
[homunculus.jp/manage/wp-content/themes/homunculus/assets/css/base.css]
[homunculus.jp/index.html]
[homunculus.jp/manage/wp-content/themes/homunculus/assets/js/main.min523a.js]
[homunculus.jp/manage/wp-content/themes/homunculus/assets/fonts/YakuHanJP/YakuHanJP-Thin.eot]
[homunculus.jp/manage/wp-content/themes/homunculus/assets/fonts/YakuHanJP/YakuHanJP-Thin.woff2]
[homunculus.jp/manage/wp-content/themes/homunculus/assets/fonts/YakuHanJP/YakuHanJP-Thin.woff]
[homunculus.jp/manage/wp-content/themes/homunculus/assets/fonts/YakuHanJP/YakuHanJP-Light.eot]
[homunculus.jp/manage/wp-content/themes/homunculus/assets/fonts/YakuHanJP/YakuHanJP-Light.woff2]
[homunculus.jp/manage/wp-content/themes/homunculus/assets/fonts/YakuHanJP/YakuHanJP-Light.woff]
[homunculus.jp/manage/wp-content/themes/homunculus/assets/fonts/YakuHanJP/YakuHanJP-Regular.eot]
[homunculus.jp/manage/wp-content/themes/homunculus/assets/fonts/YakuHanJP/YakuHanJP-Regular.woff2]
[homunculus.jp/manage/wp-content/themes/homunculus/assets/fonts/YakuHanJP/YakuHanJP-Regular.woff]
[homunculus.jp/manage/wp-content/themes/homunculus/assets/fonts/YakuHanJP/YakuHanJP-Medium.eot]
[homunculus.jp/manage/wp-content/themes/homunculus/assets/fonts/YakuHanJP/YakuHanJP-Medium.woff2]
[homunculus.jp/manage/wp-content/themes/homunculus/assets/fonts/YakuHanJP/YakuHanJP-Medium.woff]
[homunculus.jp/manage/wp-content/themes/homunculus/assets/fonts/YakuHanJP/YakuHanJP-Bold.eot]
[homunculus.jp/manage/wp-content/themes/homunculus/assets/fonts/YakuHanJP/YakuHanJP-Bold.woff2]
[homunculus.jp/manage/wp-content/themes/homunculus/assets/fonts/YakuHanJP/YakuHanJP-Bold.woff]
[homunculus.jp/manage/wp-content/themes/homunculus/assets/fonts/YakuHanJP/YakuHanJP-Black.eot]
[homunculus.jp/manage/wp-content/themes/homunculus/assets/fonts/YakuHanJP/YakuHanJP-Black.woff2]
[homunculus.jp/manage/wp-content/themes/homunculus/assets/css/yakuhanjp-noto.min.css]
[homunculus.jp/manage/wp-content/themes/homunculus/assets/fonts/YakuHanJP/YakuHanJP-Black.woff]
[use.typekit.net/af/f1d51b/00000000000000007735a83d/30/le196]
[use.typekit.net/af/f1d51b/00000000000000007735a83d/30/de196]
[use.typekit.net/af/f1d51b/00000000000000007735a83d/30/ae196]
[use.typekit.net/af/b8eeae/00000000000000007735a849/30/l5bba]
[use.typekit.net/af/b8eeae/00000000000000007735a849/30/d5bba]
[use.typekit.net/rjz2hfg.css]
[use.typekit.net/af/b8eeae/00000000000000007735a849/30/a5bba]
[homunculus.jp/manage/wp-content/themes/homunculus/assets/image/color.jpg]
[homunculus.jp/manage/wp-content/themes/homunculus/assets/image/logo.png]
[homunculus.jp/manage/wp-content/themes/homunculus/assets/image/menu.png]
[homunculus.jp/manage/wp-content/themes/homunculus/assets/image/movie_close.png]
[homunculus.jp/manage/wp-content/themes/homunculus/assets/image/scroll_line.png]
[homunculus.jp/manage/wp-content/themes/homunculus/assets/image/allArrow.png]
[homunculus.jp/manage/wp-content/themes/homunculus/assets/image/loading_line.png]
[homunculus.jp/manage/wp-content/themes/homunculus/assets/image/contact_close.png]
[homunculus.jp/manage/wp-content/themes/homunculus/assets/image/loading_bar.png]
[homunculus.jp/manage/wp-content/themes/homunculus/assets/css/base.css]
[p.typekit.net/p5c49.css]
